
> ev-onn-website@0.1.0 build
> next build

   Γû▓ Next.js 15.0.3

   Creating an optimized production build ...
node.exe : Failed to 
compile.
At line:1 char:1
+ & "C:\Program 
Files\nodejs/node.exe" 
"C:\Program 
Files\nodejs/node_mo ...
+ ~~~~~~~~~~~~~~~~~~~~~~~~
~~~~~~~~~~~~~~~~~~~~~~~~~~
~~~~~~~~~~~~~~~~~~~
    + CategoryInfo        
      : NotSpecified: (F  
  ailed to compile.:Str   
 ing) [], RemoteExcept    
ion
    + FullyQualifiedError 
   Id : NativeCommandErr  
  or
 

src\app\layout.tsx
An error occurred in 
`next/font`.

Error: Cannot find module 
'@tailwindcss/postcss'
Require stack:
- C:\Users\Aadi Srivastava
\OneDrive\Desktop\EV-ONN W
EBSITE\node_modules\next\d
ist\build\webpack\config\b
locks\css\plugins.js
- C:\Users\Aadi Srivastava
\OneDrive\Desktop\EV-ONN W
EBSITE\node_modules\next\d
ist\build\webpack\config\b
locks\css\index.js
- C:\Users\Aadi Srivastava
\OneDrive\Desktop\EV-ONN W
EBSITE\node_modules\next\d
ist\build\webpack\config\i
ndex.js
- C:\Users\Aadi Srivastava
\OneDrive\Desktop\EV-ONN W
EBSITE\node_modules\next\d
ist\build\webpack-config.j
s
- C:\Users\Aadi Srivastava
\OneDrive\Desktop\EV-ONN W
EBSITE\node_modules\next\d
ist\build\webpack-build\im
pl.js
- C:\Users\Aadi Srivastava
\OneDrive\Desktop\EV-ONN W
EBSITE\node_modules\next\d
ist\compiled\jest-worker\p
rocessChild.js
    at 
Function.<anonymous> (node
:internal/modules/cjs/load
er:1383:15)
    at C:\Users\Aadi Sriva
stava\OneDrive\Desktop\EV-
ONN WEBSITE\node_modules\n
ext\dist\server\require-ho
ok.js:55:36
    at Function.resolve (n
ode:internal/modules/helpe
rs:157:19)
    at loadPlugin 
(C:\Users\Aadi Srivastava\
OneDrive\Desktop\EV-ONN WE
BSITE\node_modules\next\di
st\build\webpack\config\bl
ocks\css\plugins.js:49:32)
    at C:\Users\Aadi Sriva
stava\OneDrive\Desktop\EV-
ONN WEBSITE\node_modules\n
ext\dist\build\webpack\con
fig\blocks\css\plugins.js:
157:56
    at Array.map 
(<anonymous>)
    at getPostCssPlugins 
(C:\Users\Aadi Srivastava\
OneDrive\Desktop\EV-ONN WE
BSITE\node_modules\next\di
st\build\webpack\config\bl
ocks\css\plugins.js:157:47
)
    at async 
C:\Users\Aadi Srivastava\O
neDrive\Desktop\EV-ONN WEB
SITE\node_modules\next\dis
t\build\webpack\config\blo
cks\css\index.js:124:36
    at async 
C:\Users\Aadi Srivastava\O
neDrive\Desktop\EV-ONN WEB
SITE\node_modules\next\dis
t\build\webpack\loaders\ne
xt-font-loader\index.js:86
:33
    at async 
Span.traceAsyncFn 
(C:\Users\Aadi Srivastava\
OneDrive\Desktop\EV-ONN WE
BSITE\node_modules\next\di
st\trace\trace.js:153:20)

src\app\layout.tsx
An error occurred in 
`next/font`.

Error: Cannot find module 
'@tailwindcss/postcss'
Require stack:
- C:\Users\Aadi Srivastava
\OneDrive\Desktop\EV-ONN W
EBSITE\node_modules\next\d
ist\build\webpack\config\b
locks\css\plugins.js
- C:\Users\Aadi Srivastava
\OneDrive\Desktop\EV-ONN W
EBSITE\node_modules\next\d
ist\build\webpack\config\b
locks\css\index.js
- C:\Users\Aadi Srivastava
\OneDrive\Desktop\EV-ONN W
EBSITE\node_modules\next\d
ist\build\webpack\config\i
ndex.js
- C:\Users\Aadi Srivastava
\OneDrive\Desktop\EV-ONN W
EBSITE\node_modules\next\d
ist\build\webpack-config.j
s
- C:\Users\Aadi Srivastava
\OneDrive\Desktop\EV-ONN W
EBSITE\node_modules\next\d
ist\build\webpack-build\im
pl.js
- C:\Users\Aadi Srivastava
\OneDrive\Desktop\EV-ONN W
EBSITE\node_modules\next\d
ist\compiled\jest-worker\p
rocessChild.js
    at 
Function.<anonymous> (node
:internal/modules/cjs/load
er:1383:15)
    at C:\Users\Aadi Sriva
stava\OneDrive\Desktop\EV-
ONN WEBSITE\node_modules\n
ext\dist\server\require-ho
ok.js:55:36
    at Function.resolve (n
ode:internal/modules/helpe
rs:157:19)
    at loadPlugin 
(C:\Users\Aadi Srivastava\
OneDrive\Desktop\EV-ONN WE
BSITE\node_modules\next\di
st\build\webpack\config\bl
ocks\css\plugins.js:49:32)
    at C:\Users\Aadi Sriva
stava\OneDrive\Desktop\EV-
ONN WEBSITE\node_modules\n
ext\dist\build\webpack\con
fig\blocks\css\plugins.js:
157:56
    at Array.map 
(<anonymous>)
    at getPostCssPlugins 
(C:\Users\Aadi Srivastava\
OneDrive\Desktop\EV-ONN WE
BSITE\node_modules\next\di
st\build\webpack\config\bl
ocks\css\plugins.js:157:47
)
    at async 
C:\Users\Aadi Srivastava\O
neDrive\Desktop\EV-ONN WEB
SITE\node_modules\next\dis
t\build\webpack\config\blo
cks\css\index.js:124:36
    at async 
C:\Users\Aadi Srivastava\O
neDrive\Desktop\EV-ONN WEB
SITE\node_modules\next\dis
t\build\webpack\loaders\ne
xt-font-loader\index.js:86
:33
    at async 
Span.traceAsyncFn 
(C:\Users\Aadi Srivastava\
OneDrive\Desktop\EV-ONN WE
BSITE\node_modules\next\di
st\trace\trace.js:153:20)


> Build failed because of 
webpack errors
